[2025-01-17T22:04:38.254] [INFO] default - [GET /api/project/list] signature: aa28fef40e83470923703d76e3191303
[2025-01-17T22:04:38.254] [INFO] default - [GET /api/project/list] body: {}
[2025-01-17T22:04:38.255] [INFO] default - [GET /api/project/list] query: {}
[2025-01-17T22:04:38.255] [INFO] default - [GET /api/project/list] header: {"host":"localhost:8080","connection":"keep-alive","accept":"application/json, text/plain, */*","s_sign":"aa28fef40e83470923703d76e3191303","user-agent":"Mozilla/5.0 (Windows NT 10.0; WOW64) AppleWebKit/537.36 (KHTML, like Gecko) Chrome/86.0.4240.198 Safari/537.36","s_t":"1737122678226","content-type":"application/json;charset=utf-8","sec-fetch-site":"same-origin","sec-fetch-mode":"cors","sec-fetch-dest":"empty","referer":"http://localhost:8080/view/page1","accept-encoding":"gzip, deflate, br","accept-language":"zh-CN,zh;q=0.9"}
[2025-01-17T22:04:38.255] [INFO] default - [GET /api/project/list] params: undefined
[2025-01-17T22:04:38.255] [INFO] default - {}
[2025-01-17T22:04:38.256] [ERROR] default - == [ exception ] == {}
[2025-01-17T22:04:38.256] [ERROR] default - == [ exception ] == undefined projectService.list is not a function undefined
[2025-01-17T22:04:38.898] [INFO] default - [GET /api/project/list] signature: b39dbe99741f1b7991307ae7f1f7956a
[2025-01-17T22:04:38.899] [INFO] default - [GET /api/project/list] body: {}
[2025-01-17T22:04:38.899] [INFO] default - [GET /api/project/list] query: {}
[2025-01-17T22:04:38.899] [INFO] default - [GET /api/project/list] header: {"host":"localhost:8080","connection":"keep-alive","accept":"application/json, text/plain, */*","s_sign":"b39dbe99741f1b7991307ae7f1f7956a","user-agent":"Mozilla/5.0 (Windows NT 10.0; WOW64) AppleWebKit/537.36 (KHTML, like Gecko) Chrome/86.0.4240.198 Safari/537.36","s_t":"1737122678255","content-type":"application/json;charset=utf-8","sec-fetch-site":"same-origin","sec-fetch-mode":"cors","sec-fetch-dest":"empty","referer":"http://localhost:8080/view/page1","accept-encoding":"gzip, deflate, br","accept-language":"zh-CN,zh;q=0.9"}
[2025-01-17T22:04:38.899] [INFO] default - [GET /api/project/list] params: undefined
[2025-01-17T22:04:38.900] [INFO] default - {}
[2025-01-17T22:04:38.900] [ERROR] default - == [ exception ] == {}
[2025-01-17T22:04:38.900] [ERROR] default - == [ exception ] == undefined projectService.list is not a function undefined
[2025-01-17T22:04:44.859] [INFO] default - [GET /api/project/list] signature: c453ad2811dc74fb6d2fcdd8024c995e
[2025-01-17T22:04:44.859] [INFO] default - [GET /api/project/list] body: {}
[2025-01-17T22:04:44.860] [INFO] default - [GET /api/project/list] query: {}
[2025-01-17T22:04:44.860] [INFO] default - [GET /api/project/list] header: {"host":"localhost:8080","connection":"keep-alive","accept":"application/json, text/plain, */*","s_sign":"c453ad2811dc74fb6d2fcdd8024c995e","user-agent":"Mozilla/5.0 (Windows NT 10.0; WOW64) AppleWebKit/537.36 (KHTML, like Gecko) Chrome/86.0.4240.198 Safari/537.36","s_t":"1737122684846","content-type":"application/json;charset=utf-8","sec-fetch-site":"same-origin","sec-fetch-mode":"cors","sec-fetch-dest":"empty","referer":"http://localhost:8080/view/page1","accept-encoding":"gzip, deflate, br","accept-language":"zh-CN,zh;q=0.9"}
[2025-01-17T22:04:44.860] [INFO] default - [GET /api/project/list] params: undefined
[2025-01-17T22:04:44.860] [INFO] default - {}
[2025-01-17T22:04:44.860] [ERROR] default - == [ exception ] == {}
[2025-01-17T22:04:44.860] [ERROR] default - == [ exception ] == undefined projectService.list is not a function undefined
[2025-01-17T22:05:14.717] [INFO] default - [GET /api/project/list] signature: f34be846298e22b1be1b3ddd742caa70
[2025-01-17T22:05:14.717] [INFO] default - [GET /api/project/list] body: {}
[2025-01-17T22:05:14.717] [INFO] default - [GET /api/project/list] query: {}
[2025-01-17T22:05:14.717] [INFO] default - [GET /api/project/list] header: {"host":"localhost:8080","connection":"keep-alive","accept":"application/json, text/plain, */*","s_sign":"f34be846298e22b1be1b3ddd742caa70","user-agent":"Mozilla/5.0 (Windows NT 10.0; WOW64) AppleWebKit/537.36 (KHTML, like Gecko) Chrome/86.0.4240.198 Safari/537.36","s_t":"1737122714710","content-type":"application/json;charset=utf-8","sec-fetch-site":"same-origin","sec-fetch-mode":"cors","sec-fetch-dest":"empty","referer":"http://localhost:8080/view/page1","accept-encoding":"gzip, deflate, br","accept-language":"zh-CN,zh;q=0.9"}
[2025-01-17T22:05:14.717] [INFO] default - [GET /api/project/list] params: undefined
[2025-01-17T22:05:14.718] [INFO] default - {}
[2025-01-17T22:05:14.718] [ERROR] default - == [ exception ] == {}
[2025-01-17T22:05:14.718] [ERROR] default - == [ exception ] == undefined projectService.list is not a function undefined
[2025-01-17T22:05:15.348] [INFO] default - [GET /api/project/list] signature: be27e5596894bb65ae38b732401667b9
[2025-01-17T22:05:15.348] [INFO] default - [GET /api/project/list] body: {}
[2025-01-17T22:05:15.349] [INFO] default - [GET /api/project/list] query: {}
[2025-01-17T22:05:15.349] [INFO] default - [GET /api/project/list] header: {"host":"localhost:8080","connection":"keep-alive","accept":"application/json, text/plain, */*","s_sign":"be27e5596894bb65ae38b732401667b9","user-agent":"Mozilla/5.0 (Windows NT 10.0; WOW64) AppleWebKit/537.36 (KHTML, like Gecko) Chrome/86.0.4240.198 Safari/537.36","s_t":"1737122714760","content-type":"application/json;charset=utf-8","sec-fetch-site":"same-origin","sec-fetch-mode":"cors","sec-fetch-dest":"empty","referer":"http://localhost:8080/view/page1","accept-encoding":"gzip, deflate, br","accept-language":"zh-CN,zh;q=0.9"}
[2025-01-17T22:05:15.349] [INFO] default - [GET /api/project/list] params: undefined
[2025-01-17T22:05:15.350] [INFO] default - {}
[2025-01-17T22:05:15.350] [ERROR] default - == [ exception ] == {}
[2025-01-17T22:05:15.350] [ERROR] default - == [ exception ] == undefined projectService.list is not a function undefined
[2025-01-17T22:05:51.353] [INFO] default - [GET /api/project/list] signature: f01fee6c27078105ac2003e59908d72d
[2025-01-17T22:05:51.354] [INFO] default - [GET /api/project/list] body: {}
[2025-01-17T22:05:51.354] [INFO] default - [GET /api/project/list] query: {}
[2025-01-17T22:05:51.354] [INFO] default - [GET /api/project/list] header: {"host":"localhost:8080","connection":"keep-alive","accept":"application/json, text/plain, */*","s_sign":"f01fee6c27078105ac2003e59908d72d","user-agent":"Mozilla/5.0 (Windows NT 10.0; WOW64) AppleWebKit/537.36 (KHTML, like Gecko) Chrome/86.0.4240.198 Safari/537.36","s_t":"1737122751349","content-type":"application/json;charset=utf-8","sec-fetch-site":"same-origin","sec-fetch-mode":"cors","sec-fetch-dest":"empty","referer":"http://localhost:8080/view/page1","accept-encoding":"gzip, deflate, br","accept-language":"zh-CN,zh;q=0.9"}
[2025-01-17T22:05:51.354] [INFO] default - [GET /api/project/list] params: undefined
[2025-01-17T22:05:51.355] [INFO] default - {}
[2025-01-17T22:05:51.355] [ERROR] default - == [ exception ] == {}
[2025-01-17T22:05:51.355] [ERROR] default - == [ exception ] == undefined projectService.list is not a function undefined
[2025-01-17T22:05:51.357] [INFO] default - [GET /api/project/list] signature: bb67f74498ef28a5599e7b0fd838828b
[2025-01-17T22:05:51.358] [INFO] default - [GET /api/project/list] body: {}
[2025-01-17T22:05:51.358] [INFO] default - [GET /api/project/list] query: {}
[2025-01-17T22:05:51.358] [INFO] default - [GET /api/project/list] header: {"host":"localhost:8080","connection":"keep-alive","accept":"application/json, text/plain, */*","s_sign":"bb67f74498ef28a5599e7b0fd838828b","user-agent":"Mozilla/5.0 (Windows NT 10.0; WOW64) AppleWebKit/537.36 (KHTML, like Gecko) Chrome/86.0.4240.198 Safari/537.36","s_t":"1737122751351","content-type":"application/json;charset=utf-8","sec-fetch-site":"same-origin","sec-fetch-mode":"cors","sec-fetch-dest":"empty","referer":"http://localhost:8080/view/page1","accept-encoding":"gzip, deflate, br","accept-language":"zh-CN,zh;q=0.9"}
[2025-01-17T22:05:51.358] [INFO] default - [GET /api/project/list] params: undefined
[2025-01-17T22:05:51.359] [INFO] default - {}
[2025-01-17T22:05:51.359] [ERROR] default - == [ exception ] == {}
[2025-01-17T22:05:51.359] [ERROR] default - == [ exception ] == undefined projectService.list is not a function undefined
[2025-01-17T22:05:55.544] [INFO] default - [GET /api/project/list] signature: 8d8460b6e0a118b9666489a2de98f147
[2025-01-17T22:05:55.544] [INFO] default - [GET /api/project/list] body: {}
[2025-01-17T22:05:55.545] [INFO] default - [GET /api/project/list] query: {}
[2025-01-17T22:05:55.545] [INFO] default - [GET /api/project/list] header: {"host":"localhost:8080","connection":"keep-alive","accept":"application/json, text/plain, */*","s_sign":"8d8460b6e0a118b9666489a2de98f147","user-agent":"Mozilla/5.0 (Windows NT 10.0; WOW64) AppleWebKit/537.36 (KHTML, like Gecko) Chrome/86.0.4240.198 Safari/537.36","s_t":"1737122755521","content-type":"application/json;charset=utf-8","sec-fetch-site":"same-origin","sec-fetch-mode":"cors","sec-fetch-dest":"empty","referer":"http://localhost:8080/view/page1","accept-encoding":"gzip, deflate, br","accept-language":"zh-CN,zh;q=0.9"}
[2025-01-17T22:05:55.545] [INFO] default - [GET /api/project/list] params: undefined
[2025-01-17T22:05:55.545] [INFO] default - {}
[2025-01-17T22:05:55.545] [ERROR] default - == [ exception ] == {}
[2025-01-17T22:05:55.546] [ERROR] default - == [ exception ] == undefined projectService.list is not a function undefined
[2025-01-17T22:09:39.757] [INFO] default - [GET /api/project/list] signature: 81a9747003085a87934bb69d76c80fab
[2025-01-17T22:09:39.758] [INFO] default - [GET /api/project/list] body: {}
[2025-01-17T22:09:39.758] [INFO] default - [GET /api/project/list] query: {"proj_key":"111"}
[2025-01-17T22:09:39.758] [INFO] default - [GET /api/project/list] header: {"host":"localhost:8080","connection":"keep-alive","accept":"application/json, text/plain, */*","s_sign":"81a9747003085a87934bb69d76c80fab","user-agent":"Mozilla/5.0 (Windows NT 10.0; WOW64) AppleWebKit/537.36 (KHTML, like Gecko) Chrome/86.0.4240.198 Safari/537.36","s_t":"1737122979447","content-type":"application/json;charset=utf-8","sec-fetch-site":"same-origin","sec-fetch-mode":"cors","sec-fetch-dest":"empty","referer":"http://localhost:8080/view/page1","accept-encoding":"gzip, deflate, br","accept-language":"zh-CN,zh;q=0.9"}
[2025-01-17T22:09:39.758] [INFO] default - [GET /api/project/list] params: undefined
[2025-01-17T22:09:39.759] [INFO] default - {}
[2025-01-17T22:09:39.759] [ERROR] default - == [ exception ] == {}
[2025-01-17T22:09:39.759] [ERROR] default - == [ exception ] == undefined projectService.list is not a function undefined
[2025-01-17T22:09:39.761] [INFO] default - [GET /api/project/list] signature: 50fda4826006ae554df871ae3c40a548
[2025-01-17T22:09:39.761] [INFO] default - [GET /api/project/list] body: {}
[2025-01-17T22:09:39.761] [INFO] default - [GET /api/project/list] query: {"proj_key":"111"}
[2025-01-17T22:09:39.761] [INFO] default - [GET /api/project/list] header: {"host":"localhost:8080","connection":"keep-alive","accept":"application/json, text/plain, */*","s_sign":"50fda4826006ae554df871ae3c40a548","user-agent":"Mozilla/5.0 (Windows NT 10.0; WOW64) AppleWebKit/537.36 (KHTML, like Gecko) Chrome/86.0.4240.198 Safari/537.36","s_t":"1737122979477","content-type":"application/json;charset=utf-8","sec-fetch-site":"same-origin","sec-fetch-mode":"cors","sec-fetch-dest":"empty","referer":"http://localhost:8080/view/page1","accept-encoding":"gzip, deflate, br","accept-language":"zh-CN,zh;q=0.9"}
[2025-01-17T22:09:39.762] [INFO] default - [GET /api/project/list] params: undefined
[2025-01-17T22:09:39.762] [INFO] default - {}
[2025-01-17T22:09:39.762] [ERROR] default - == [ exception ] == {}
[2025-01-17T22:09:39.762] [ERROR] default - == [ exception ] == undefined projectService.list is not a function undefined
[2025-01-17T22:10:20.105] [INFO] default - [GET /api/project/list] signature: 63af07441af538a996b728c3313f89d5
[2025-01-17T22:10:20.106] [INFO] default - [GET /api/project/list] body: {}
[2025-01-17T22:10:20.106] [INFO] default - [GET /api/project/list] query: {"proj_key":"111"}
[2025-01-17T22:10:20.106] [INFO] default - [GET /api/project/list] header: {"host":"localhost:8080","connection":"keep-alive","accept":"application/json, text/plain, */*","s_sign":"63af07441af538a996b728c3313f89d5","user-agent":"Mozilla/5.0 (Windows NT 10.0; WOW64) AppleWebKit/537.36 (KHTML, like Gecko) Chrome/86.0.4240.198 Safari/537.36","s_t":"1737123020082","content-type":"application/json;charset=utf-8","sec-fetch-site":"same-origin","sec-fetch-mode":"cors","sec-fetch-dest":"empty","referer":"http://localhost:8080/view/page1","accept-encoding":"gzip, deflate, br","accept-language":"zh-CN,zh;q=0.9"}
[2025-01-17T22:10:20.106] [INFO] default - [GET /api/project/list] params: undefined
[2025-01-17T22:10:20.107] [INFO] default - 'local'  false
[2025-01-17T22:12:49.933] [INFO] default - [GET /api/project/list] signature: c4f6faae4002fb9ea887224580d64037
[2025-01-17T22:12:49.934] [INFO] default - [GET /api/project/list] body: {}
[2025-01-17T22:12:49.934] [INFO] default - [GET /api/project/list] query: {"proj_key":"111"}
[2025-01-17T22:12:49.934] [INFO] default - [GET /api/project/list] header: {"host":"localhost:8080","connection":"keep-alive","accept":"application/json, text/plain, */*","s_sign":"c4f6faae4002fb9ea887224580d64037","user-agent":"Mozilla/5.0 (Windows NT 10.0; WOW64) AppleWebKit/537.36 (KHTML, like Gecko) Chrome/86.0.4240.198 Safari/537.36","s_t":"1737123169930","content-type":"application/json;charset=utf-8","sec-fetch-site":"same-origin","sec-fetch-mode":"cors","sec-fetch-dest":"empty","referer":"http://localhost:8080/view/page1","accept-encoding":"gzip, deflate, br","accept-language":"zh-CN,zh;q=0.9"}
[2025-01-17T22:12:49.935] [INFO] default - [GET /api/project/list] params: undefined
[2025-01-17T22:12:49.935] [INFO] default - 'local'  false
[2025-01-17T22:12:49.937] [INFO] default - [GET /api/project/list] signature: a603064d986bc31b7a9e0311ef5681e7
[2025-01-17T22:12:49.937] [INFO] default - [GET /api/project/list] body: {}
[2025-01-17T22:12:49.937] [INFO] default - [GET /api/project/list] query: {"proj_key":"111"}
[2025-01-17T22:12:49.937] [INFO] default - [GET /api/project/list] header: {"host":"localhost:8080","connection":"keep-alive","accept":"application/json, text/plain, */*","s_sign":"a603064d986bc31b7a9e0311ef5681e7","user-agent":"Mozilla/5.0 (Windows NT 10.0; WOW64) AppleWebKit/537.36 (KHTML, like Gecko) Chrome/86.0.4240.198 Safari/537.36","s_t":"1737123169932","content-type":"application/json;charset=utf-8","sec-fetch-site":"same-origin","sec-fetch-mode":"cors","sec-fetch-dest":"empty","referer":"http://localhost:8080/view/page1","accept-encoding":"gzip, deflate, br","accept-language":"zh-CN,zh;q=0.9"}
[2025-01-17T22:12:49.937] [INFO] default - [GET /api/project/list] params: undefined
[2025-01-17T22:12:49.937] [INFO] default - 'local'  false
[2025-01-17T22:12:53.664] [INFO] default - [GET /api/project/list] signature: 378c4b2408fec0fc7ac31359f98af4dc
[2025-01-17T22:12:53.664] [INFO] default - [GET /api/project/list] body: {}
[2025-01-17T22:12:53.664] [INFO] default - [GET /api/project/list] query: {"proj_key":"111"}
[2025-01-17T22:12:53.664] [INFO] default - [GET /api/project/list] header: {"host":"localhost:8080","connection":"keep-alive","accept":"application/json, text/plain, */*","s_sign":"378c4b2408fec0fc7ac31359f98af4dc","user-agent":"Mozilla/5.0 (Windows NT 10.0; WOW64) AppleWebKit/537.36 (KHTML, like Gecko) Chrome/86.0.4240.198 Safari/537.36","s_t":"1737123173653","content-type":"application/json;charset=utf-8","sec-fetch-site":"same-origin","sec-fetch-mode":"cors","sec-fetch-dest":"empty","referer":"http://localhost:8080/view/page1","accept-encoding":"gzip, deflate, br","accept-language":"zh-CN,zh;q=0.9"}
[2025-01-17T22:12:53.664] [INFO] default - [GET /api/project/list] params: undefined
[2025-01-17T22:12:53.665] [INFO] default - 'local'  false
[2025-01-17T22:13:26.196] [INFO] default - [GET /api/project/list] signature: 50dc52eb2bfaa01c2302fdda3731a3f9
[2025-01-17T22:13:26.196] [INFO] default - [GET /api/project/list] body: {}
[2025-01-17T22:13:26.196] [INFO] default - [GET /api/project/list] query: {"proj_key":"111"}
[2025-01-17T22:13:26.197] [INFO] default - [GET /api/project/list] header: {"host":"localhost:8080","connection":"keep-alive","accept":"application/json, text/plain, */*","s_sign":"50dc52eb2bfaa01c2302fdda3731a3f9","user-agent":"Mozilla/5.0 (Windows NT 10.0; WOW64) AppleWebKit/537.36 (KHTML, like Gecko) Chrome/86.0.4240.198 Safari/537.36","s_t":"1737123206193","content-type":"application/json;charset=utf-8","sec-fetch-site":"same-origin","sec-fetch-mode":"cors","sec-fetch-dest":"empty","referer":"http://localhost:8080/view/page1","accept-encoding":"gzip, deflate, br","accept-language":"zh-CN,zh;q=0.9"}
[2025-01-17T22:13:26.197] [INFO] default - [GET /api/project/list] params: undefined
[2025-01-17T22:13:26.197] [INFO] default - 'local'  false
[2025-01-17T22:13:26.199] [INFO] default - [GET /api/project/list] signature: 50dc52eb2bfaa01c2302fdda3731a3f9
[2025-01-17T22:13:26.199] [INFO] default - [GET /api/project/list] body: {}
[2025-01-17T22:13:26.199] [INFO] default - [GET /api/project/list] query: {"proj_key":"111"}
[2025-01-17T22:13:26.200] [INFO] default - [GET /api/project/list] header: {"host":"localhost:8080","connection":"keep-alive","accept":"application/json, text/plain, */*","s_sign":"50dc52eb2bfaa01c2302fdda3731a3f9","user-agent":"Mozilla/5.0 (Windows NT 10.0; WOW64) AppleWebKit/537.36 (KHTML, like Gecko) Chrome/86.0.4240.198 Safari/537.36","s_t":"1737123206193","content-type":"application/json;charset=utf-8","sec-fetch-site":"same-origin","sec-fetch-mode":"cors","sec-fetch-dest":"empty","referer":"http://localhost:8080/view/page1","accept-encoding":"gzip, deflate, br","accept-language":"zh-CN,zh;q=0.9"}
[2025-01-17T22:13:26.200] [INFO] default - [GET /api/project/list] params: undefined
[2025-01-17T22:13:26.200] [INFO] default - 'local'  false
[2025-01-17T22:13:30.557] [INFO] default - [GET /api/project/list] signature: 9d3acadf516c22a6049c811c98799a81
[2025-01-17T22:13:30.558] [INFO] default - [GET /api/project/list] body: {}
[2025-01-17T22:13:30.558] [INFO] default - [GET /api/project/list] query: {"proj_key":"111"}
[2025-01-17T22:13:30.558] [INFO] default - [GET /api/project/list] header: {"host":"localhost:8080","connection":"keep-alive","accept":"application/json, text/plain, */*","s_sign":"9d3acadf516c22a6049c811c98799a81","user-agent":"Mozilla/5.0 (Windows NT 10.0; WOW64) AppleWebKit/537.36 (KHTML, like Gecko) Chrome/86.0.4240.198 Safari/537.36","s_t":"1737123210541","content-type":"application/json;charset=utf-8","sec-fetch-site":"same-origin","sec-fetch-mode":"cors","sec-fetch-dest":"empty","referer":"http://localhost:8080/view/page1","accept-encoding":"gzip, deflate, br","accept-language":"zh-CN,zh;q=0.9"}
[2025-01-17T22:13:30.558] [INFO] default - [GET /api/project/list] params: undefined
[2025-01-17T22:13:30.559] [INFO] default - 'local'  false
[2025-01-17T22:13:53.668] [INFO] default - [GET /api/project/list] signature: c38b7c92d0a2fa2ed7462ab5f2976e0a
[2025-01-17T22:13:53.669] [INFO] default - [GET /api/project/list] body: {}
[2025-01-17T22:13:53.669] [INFO] default - [GET /api/project/list] query: {"proj_key":"111"}
[2025-01-17T22:13:53.669] [INFO] default - [GET /api/project/list] header: {"host":"localhost:8080","connection":"keep-alive","accept":"application/json, text/plain, */*","s_sign":"c38b7c92d0a2fa2ed7462ab5f2976e0a","user-agent":"Mozilla/5.0 (Windows NT 10.0; WOW64) AppleWebKit/537.36 (KHTML, like Gecko) Chrome/86.0.4240.198 Safari/537.36","s_t":"1737123233666","content-type":"application/json;charset=utf-8","sec-fetch-site":"same-origin","sec-fetch-mode":"cors","sec-fetch-dest":"empty","referer":"http://localhost:8080/view/page1","accept-encoding":"gzip, deflate, br","accept-language":"zh-CN,zh;q=0.9"}
[2025-01-17T22:13:53.669] [INFO] default - [GET /api/project/list] params: undefined
[2025-01-17T22:13:53.670] [INFO] default - 'local'  false
[2025-01-17T22:13:53.677] [INFO] default - [GET /api/project/list] signature: e0bdbdcd621454f02d2666993b1a89cc
[2025-01-17T22:13:53.677] [INFO] default - [GET /api/project/list] body: {}
[2025-01-17T22:13:53.677] [INFO] default - [GET /api/project/list] query: {"proj_key":"111"}
[2025-01-17T22:13:53.677] [INFO] default - [GET /api/project/list] header: {"host":"localhost:8080","connection":"keep-alive","accept":"application/json, text/plain, */*","s_sign":"e0bdbdcd621454f02d2666993b1a89cc","user-agent":"Mozilla/5.0 (Windows NT 10.0; WOW64) AppleWebKit/537.36 (KHTML, like Gecko) Chrome/86.0.4240.198 Safari/537.36","s_t":"1737123233674","content-type":"application/json;charset=utf-8","sec-fetch-site":"same-origin","sec-fetch-mode":"cors","sec-fetch-dest":"empty","referer":"http://localhost:8080/view/page1","accept-encoding":"gzip, deflate, br","accept-language":"zh-CN,zh;q=0.9"}
[2025-01-17T22:13:53.678] [INFO] default - [GET /api/project/list] params: undefined
[2025-01-17T22:13:53.678] [INFO] default - 'local'  false
[2025-01-17T22:13:57.123] [INFO] default - [GET /api/project/list] signature: decf88be1fa051d9bc557c7bd2399340
[2025-01-17T22:13:57.124] [INFO] default - [GET /api/project/list] body: {}
[2025-01-17T22:13:57.124] [INFO] default - [GET /api/project/list] query: {"proj_key":"111"}
[2025-01-17T22:13:57.124] [INFO] default - [GET /api/project/list] header: {"host":"localhost:8080","connection":"keep-alive","accept":"application/json, text/plain, */*","s_sign":"decf88be1fa051d9bc557c7bd2399340","user-agent":"Mozilla/5.0 (Windows NT 10.0; WOW64) AppleWebKit/537.36 (KHTML, like Gecko) Chrome/86.0.4240.198 Safari/537.36","s_t":"1737123237107","content-type":"application/json;charset=utf-8","sec-fetch-site":"same-origin","sec-fetch-mode":"cors","sec-fetch-dest":"empty","referer":"http://localhost:8080/view/page1","accept-encoding":"gzip, deflate, br","accept-language":"zh-CN,zh;q=0.9"}
[2025-01-17T22:13:57.124] [INFO] default - [GET /api/project/list] params: undefined
[2025-01-17T22:13:57.124] [INFO] default - 'local'  false
